// Vitest Snapshot v1, https://vitest.dev/guide/snapshot.html

exports[`Home > a snapshot 1`] = `
{
  "baseElement": <body>
    <div>
      <main>
        <div
          id="flexbox-wrapper"
        >
          <h1
            class="svelte-ex251j"
          >
            FANG DEN SANTA!
          </h1>
           
          <div>
            <img
              alt="tree emoji"
              class="svelte-ex251j"
              src="/tree.png"
            />
             
            <img
              alt="santa emoji"
              class="svelte-ex251j"
              src="/santa.png"
            />
             
            <img
              alt="tree emoji"
              class="svelte-ex251j"
              src="/tree.png"
            />
          </div>
           
          <div>
            <div>
              Bitte gib hier deinen Namen ein:
            </div>
             
            <input
              class="svelte-ex251j"
              maxlength="12"
            />
          </div>
           
          <button
            class="svelte-ex251j"
          >
            Spiel starten!
          </button>
           
          <button
            class="svelte-ex251j"
          >
            Hä? Erklärs mir nochmal...
          </button>
        </div>
      </main>
    </div>
  </body>,
  "component": Home {
    "$$": {
      "after_update": [],
      "before_update": [],
      "bound": {},
      "callbacks": {},
      "context": Map {},
      "ctx": [
        [Function],
        [Function],
        [Function],
      ],
      "dirty": [
        -1,
      ],
      "fragment": {
        "c": [Function],
        "d": [Function],
        "i": [Function],
        "l": [Function],
        "m": [Function],
        "o": [Function],
        "p": [Function],
      },
      "not_equal": [Function],
      "on_destroy": [
        [Function],
      ],
      "on_disconnect": [],
      "on_mount": [],
      "props": {},
      "root": <div>
        <main>
          <div
            id="flexbox-wrapper"
          >
            <h1
              class="svelte-ex251j"
            >
              FANG DEN SANTA!
            </h1>
             
            <div>
              <img
                alt="tree emoji"
                class="svelte-ex251j"
                src="/tree.png"
              />
               
              <img
                alt="santa emoji"
                class="svelte-ex251j"
                src="/santa.png"
              />
               
              <img
                alt="tree emoji"
                class="svelte-ex251j"
                src="/tree.png"
              />
            </div>
             
            <div>
              <div>
                Bitte gib hier deinen Namen ein:
              </div>
               
              <input
                class="svelte-ex251j"
                maxlength="12"
              />
            </div>
             
            <button
              class="svelte-ex251j"
            >
              Spiel starten!
            </button>
             
            <button
              class="svelte-ex251j"
            >
              Hä? Erklärs mir nochmal...
            </button>
          </div>
        </main>
      </div>,
      "skip_bound": false,
      "update": [Function],
    },
    "$$events_def": undefined,
    "$$prop_def": undefined,
    "$$set": undefined,
    "$$slot_def": undefined,
    "$capture_state": [Function],
  },
  "container": <div>
    <main>
      <div
        id="flexbox-wrapper"
      >
        <h1
          class="svelte-ex251j"
        >
          FANG DEN SANTA!
        </h1>
         
        <div>
          <img
            alt="tree emoji"
            class="svelte-ex251j"
            src="/tree.png"
          />
           
          <img
            alt="santa emoji"
            class="svelte-ex251j"
            src="/santa.png"
          />
           
          <img
            alt="tree emoji"
            class="svelte-ex251j"
            src="/tree.png"
          />
        </div>
         
        <div>
          <div>
            Bitte gib hier deinen Namen ein:
          </div>
           
          <input
            class="svelte-ex251j"
            maxlength="12"
          />
        </div>
         
        <button
          class="svelte-ex251j"
        >
          Spiel starten!
        </button>
         
        <button
          class="svelte-ex251j"
        >
          Hä? Erklärs mir nochmal...
        </button>
      </div>
    </main>
  </div>,
  "debug": [Function],
  "findAllByAltText": [Function],
  "findAllByDisplayValue": [Function],
  "findAllByLabelText": [Function],
  "findAllByPlaceholderText": [Function],
  "findAllByRole": [Function],
  "findAllByTestId": [Function],
  "findAllByText": [Function],
  "findAllByTitle": [Function],
  "findByAltText": [Function],
  "findByDisplayValue": [Function],
  "findByLabelText": [Function],
  "findByPlaceholderText": [Function],
  "findByRole": [Function],
  "findByTestId": [Function],
  "findByText": [Function],
  "findByTitle": [Function],
  "getAllByAltText": [Function],
  "getAllByDisplayValue": [Function],
  "getAllByLabelText": [Function],
  "getAllByPlaceholderText": [Function],
  "getAllByRole": [Function],
  "getAllByTestId": [Function],
  "getAllByText": [Function],
  "getAllByTitle": [Function],
  "getByAltText": [Function],
  "getByDisplayValue": [Function],
  "getByLabelText": [Function],
  "getByPlaceholderText": [Function],
  "getByRole": [Function],
  "getByTestId": [Function],
  "getByText": [Function],
  "getByTitle": [Function],
  "queryAllByAltText": [Function],
  "queryAllByDisplayValue": [Function],
  "queryAllByLabelText": [Function],
  "queryAllByPlaceholderText": [Function],
  "queryAllByRole": [Function],
  "queryAllByTestId": [Function],
  "queryAllByText": [Function],
  "queryAllByTitle": [Function],
  "queryByAltText": [Function],
  "queryByDisplayValue": [Function],
  "queryByLabelText": [Function],
  "queryByPlaceholderText": [Function],
  "queryByRole": [Function],
  "queryByTestId": [Function],
  "queryByText": [Function],
  "queryByTitle": [Function],
  "rerender": [Function],
  "unmount": [Function],
}
`;
